// Jest Snapshot v1, https://goo.gl/fbAQLP

exports[`NewPipelineVersion creating new pipeline renders the new pipeline page 1`] = `
<NewPipelineVersion
  history={
    Object {
      "push": [MockFunction],
      "replace": [MockFunction],
    }
  }
  location={
    Object {
      "pathname": "/pipeline_versions/new",
      "search": undefined,
    }
  }
  match=""
  toolbarProps={
    Object {
      "actions": Object {},
      "breadcrumbs": Array [
        Object {
          "displayName": "Pipeline Versions",
          "href": "/pipeline_versions/new",
        },
      ],
      "pageTitle": "Upload Pipeline or Pipeline Version",
    }
  }
  updateBanner={[MockFunction]}
  updateDialog={[MockFunction]}
  updateSnackbar={[MockFunction]}
  updateToolbar={[MockFunction]}
/>
`;
